[INFO] Scanning for projects...
[INFO] 
[INFO] ----------------------< com.subastashop:backend >-----------------------
[INFO] Building backend 0.0.1-SNAPSHOT
[INFO]   from pom.xml
[INFO] --------------------------------[ jar ]---------------------------------
[INFO] 
[INFO] --- resources:3.3.1:resources (default-resources) @ backend ---
[INFO] Copying 1 resource from src\main\resources to target\classes
[INFO] Copying 0 resource from src\main\resources to target\classes
[INFO] 
[INFO] --- compiler:3.14.1:compile (default-compile) @ backend ---
[INFO] Recompiling the module because of changed source code.
[INFO] Compiling 98 source files with javac [debug parameters release 17] to target\classes
[INFO] /C:/Users/Bernardo/Desktop/proyecto Shop/backend/src/main/java/com/subastashop/backend/config/ApplicationConfig.java: Some input files use or override a deprecated API.
[INFO] /C:/Users/Bernardo/Desktop/proyecto Shop/backend/src/main/java/com/subastashop/backend/config/ApplicationConfig.java: Recompile with -Xlint:deprecation for details.
[INFO] /C:/Users/Bernardo/Desktop/proyecto Shop/backend/src/main/java/com/subastashop/backend/controllers/AuthController.java: Some input files use unchecked or unsafe operations.
[INFO] /C:/Users/Bernardo/Desktop/proyecto Shop/backend/src/main/java/com/subastashop/backend/controllers/AuthController.java: Recompile with -Xlint:unchecked for details.
[INFO] -------------------------------------------------------------
[ERROR] COMPILATION ERROR : 
[INFO] -------------------------------------------------------------
[ERROR] /C:/Users/Bernardo/Desktop/proyecto Shop/backend/src/main/java/com/subastashop/backend/controllers/ChatController.java:[71,46] cannot find symbol
  symbol:   method getNombre()
  location: class com.subastashop.backend.models.AppUsers
[ERROR] /C:/Users/Bernardo/Desktop/proyecto Shop/backend/src/main/java/com/subastashop/backend/controllers/ChatController.java:[82,64] cannot find symbol
  symbol:   method getRole()
  location: class com.subastashop.backend.models.AppUsers
[ERROR] /C:/Users/Bernardo/Desktop/proyecto Shop/backend/src/main/java/com/subastashop/backend/controllers/ChatController.java:[82,115] cannot find symbol
  symbol:   method getRole()
  location: class com.subastashop.backend.models.AppUsers
[INFO] 3 errors 
[INFO] -------------------------------------------------------------
[INFO] ------------------------------------------------------------------------
[INFO] BUILD FAILURE
[INFO] ------------------------------------------------------------------------
[INFO] Total time:  6.766 s
[INFO] Finished at: 2026-04-04T23:52:11-04:00
[INFO] ------------------------------------------------------------------------
[ERROR] Failed to execute goal org.apache.maven.plugins:maven-compiler-plugin:3.14.1:compile (default-compile) on project backend: Compilation failure: Compilation failure: 
[ERROR] /C:/Users/Bernardo/Desktop/proyecto Shop/backend/src/main/java/com/subastashop/backend/controllers/ChatController.java:[71,46] cannot find symbol
[ERROR]   symbol:   method getNombre()
[ERROR]   location: class com.subastashop.backend.models.AppUsers
[ERROR] /C:/Users/Bernardo/Desktop/proyecto Shop/backend/src/main/java/com/subastashop/backend/controllers/ChatController.java:[82,64] cannot find symbol
[ERROR]   symbol:   method getRole()
[ERROR]   location: class com.subastashop.backend.models.AppUsers
[ERROR] /C:/Users/Bernardo/Desktop/proyecto Shop/backend/src/main/java/com/subastashop/backend/controllers/ChatController.java:[82,115] cannot find symbol
[ERROR]   symbol:   method getRole()
[ERROR]   location: class com.subastashop.backend.models.AppUsers
[ERROR] -> [Help 1]
[ERROR] 
[ERROR] To see the full stack trace of the errors, re-run Maven with the -e switch.
[ERROR] Re-run Maven using the -X switch to enable full debug logging.
[ERROR] 
[ERROR] For more information about the errors and possible solutions, please read the following articles:
[ERROR] [Help 1] http://cwiki.apache.org/confluence/display/MAVEN/MojoFailureException
